// Jest Snapshot v1, https://goo.gl/fbAQLP

exports[`Pruebas en <SearchPage/> debe de mostrarse correctamente con valores por defecto 1`] = `
<div>
  <h1>
    Find your Hero
  </h1>
  <hr />
  <div
    class="row"
  >
    <div
      class="col-5"
    >
      <h4>
        Searching
      </h4>
      <hr />
      <form
        aria-label="form"
      >
        <input
          autocomplete="off"
          class="form-control"
          name="searchText"
          placeholder="Search a hero"
          type="text"
          value=""
        />
        <button
          class="btn btn-outline-primary mt-2"
        >
          Search
        </button>
      </form>
    </div>
    <div
      class="col-7"
    >
      <h4>
        Results
      </h4>
      <hr />
      <div
        aria-label="success"
        class="alert alert-primary animate__animated animate__fadeIn"
      >
        Search a hero
      </div>
      <div
        aria-label="error"
        class="alert alert-danger animate__animated animate__fadeIn"
        style="display: none;"
      >
        There's no results with 
        <b />
      </div>
      <div
        class="row"
      />
    </div>
  </div>
</div>
`;
